{Heap before GC invocations=31933 (full 13):
 par new generation   total 1887488K, used 1687766K [0x0000000640000000, 0x00000006c0000000, 0x00000006c0000000)
  eden space 1677824K, 100% used [0x0000000640000000, 0x00000006a6680000, 0x00000006a6680000)
  from space 209664K,   4% used [0x00000006b3340000, 0x00000006b3cf5b00, 0x00000006c0000000)
  to   space 209664K,   0% used [0x00000006a6680000, 0x00000006a6680000, 0x00000006b3340000)
 concurrent mark-sweep generation total 4194304K, used 1525713K [0x00000006c0000000, 0x00000007c0000000, 0x00000007c0000000)
 Metaspace       used 73435K, capacity 77129K, committed 77760K, reserved 1118208K
  class space    used 8622K, capacity 9269K, committed 9408K, reserved 1048576K
2021-11-25T18:57:38.520+0800: 771726.680: [GC (Allocation Failure) 2021-11-25T18:57:38.520+0800: 771726.680: [ParNew: 1687766K->9565K(1887488K), 0.0065417 secs] 3213479K->1536170K(6081792K), 0.0067318 secs] [Times: user=0.06 sys=0.00, real=0.01 secs] 
Heap after GC invocations=31934 (full 13):
 par new generation   total 1887488K, used 9565K [0x0000000640000000, 0x00000006c0000000, 0x00000006c0000000)
  eden space 1677824K,   0% used [0x0000000640000000, 0x0000000640000000, 0x00000006a6680000)
  from space 209664K,   4% used [0x00000006a6680000, 0x00000006a6fd7658, 0x00000006b3340000)
  to   space 209664K,   0% used [0x00000006b3340000, 0x00000006b3340000, 0x00000006c0000000)
 concurrent mark-sweep generation total 4194304K, used 1526604K [0x00000006c0000000, 0x00000007c0000000, 0x00000007c0000000)
 Metaspace       used 73435K, capacity 77129K, committed 77760K, reserved 1118208K
  class space    used 8622K, capacity 9269K, committed 9408K, reserved 1048576K
}